  --non-interactive is not supported, use $CI=1 instead
› Using --device 00008120-00023C440263C01E
› Auto signing app using team(s): "J9ZC6MPSYV"
› Planning build
› Executing react-native Pods/hermes-engine » [CP-User] [Hermes] Replace Hermes for the right configuration, if needed
› Executing react-native Pods/ReactNativeDependencies » [CP-User] [RNDeps] Replace React Native Dependencies for the right configuration, if needed
› Preparing Pods/React-timing-React-timing_privacy » ResourceBundle-React-timing_privacy-React-timing-Info.plist
› Preparing Pods/React-Core-React-Core_privacy » ResourceBundle-React-Core_privacy-React-Core-Info.plist
› Preparing react-native-purchases Pods/RevenueCat-RevenueCat » ResourceBundle-RevenueCat-RevenueCat-Info.plist
› Preparing Pods/GoogleUserMessagingPlatform-UserMessagingPlatformResources » ResourceBundle-UserMessagingPlatformResources-GoogleUserMessagingPlatform-Info.plist
› Preparing Pods/ExpoLocalization-ExpoLocalization_privacy » ResourceBundle-ExpoLocalization_privacy-ExpoLocalization-Info.plist
› Preparing Pods/Google-Mobile-Ads-SDK-GoogleMobileAdsResources » ResourceBundle-GoogleMobileAdsResources-Google-Mobile-Ads-SDK-Info.plist
› Preparing Pods/ExpoFileSystem-ExpoFileSystem_privacy » ResourceBundle-ExpoFileSystem_privacy-ExpoFileSystem-Info.plist
› Preparing Pods/EXConstants-ExpoConstants_privacy » ResourceBundle-ExpoConstants_privacy-EXConstants-Info.plist
› Preparing Pods/React-cxxreact-React-cxxreact_privacy » ResourceBundle-React-cxxreact_privacy-React-cxxreact-Info.plist
› Preparing react-native-purchases Pods/PurchasesHybridCommon-PurchasesHybridCommon » ResourceBundle-PurchasesHybridCommon-PurchasesHybridCommon-Info.plist
› Preparing expo-constants Pods/EXConstants-EXConstants » ResourceBundle-EXConstants-EXConstants-Info.plist
› Executing react-native Pods/React-Core-prebuilt » [CP-User] [RNCore] Replace React Native Core for the right configuration, if needed
› Executing react-native Pods/React-RCTFBReactNativeSpec » [CP-User] [RN]Check FBReactNativeSpec
› Executing expo-modules-jsi Pods/ExpoModulesJSI » [CP-User] Build ExpoModulesJSI xcframework
› Executing expo-modules-core Pods/ExpoModulesCore » [CP-User] [Expo] Switch ExpoModulesCore XCFramework for build configuration
› Executing expo-modules-core Pods/ExpoModulesWorklets » [CP-User] [Expo] Switch ExpoModulesWorklets XCFramework for build configuration
› Executing expo-font Pods/ExpoFont » [CP-User] [Expo] Switch ExpoFont XCFramework for build configuration
› Executing expo-file-system Pods/ExpoFileSystem » [CP-User] [Expo] Switch ExpoFileSystem XCFramework for build configuration
› Executing expo-constants Pods/EXConstants » [CP-User] Generate app.config for prebuilt Constants.manifest
⚠️  Script has ambiguous dependencies causing it to run on every build.
   To fix, go to: Xcode » triade/triade » Build Phases » '[CP-User] [RNGoogleMobileAds] Configuration'
   Either: Uncheck "Based on dependency analysis", or select output files to trigger the script

› Executing triade » [Expo] Configure project
› Executing triade » Bundle React Native code and images
› Preparing triade » Info.plist
› Executing triade » [CP] Copy Pods Resources
› Executing triade » [CP-User] [RNGoogleMobileAds] Configuration
     ios_app_id key not found in react-native-google-mobile-ads key in app.json. App will crash without it. You may safely ignore this warning if you are using our Expo config plugin.
› Signing   triade » triade.debug.dylib
› Signing   triade » __preview.dylib
› Signing   triade » triade.app
› Build Succeeded

› 0 error(s), and 2 warning(s)

Starting Metro Bundler

Waiting on http://localhost:8081
› Installing /Users/eduardomenoncello/Library/Developer/Xcode/DerivedData/triade-cngecqzjzclowkeqbgjzqjbzbmav/Build/Products/Debug-iphoneos/triade.app
- Connecting to: Eduardo’s iPhone (2)
✖ Connecting to: Eduardo’s iPhone (2)
CommandError: Cannot launch triade on Eduardo’s iPhone (2) because the device is locked.
